Archive member included to satisfy reference by file (symbol)

/home/imianosky/freedom-e-sdk/bsp/sifive-hifive1-revb/install/lib/debug//libmetal.a(libriscv__mmachine__sifive-hifive1-revb_a-entry.o)
                              (_enter)
/home/imianosky/freedom-e-sdk/bsp/sifive-hifive1-revb/install/lib/debug//libmetal-gloss.a(crt0.o)
                              /home/imianosky/freedom-e-sdk/bsp/sifive-hifive1-revb/install/lib/debug//libmetal.a(libriscv__mmachine__sifive-hifive1-revb_a-entry.o) (_start)
/home/imianosky/freedom-e-sdk/bsp/sifive-hifive1-revb/install/lib/debug//libmetal-gloss.a(synchronize_harts.o)
                              /home/imianosky/freedom-e-sdk/bsp/sifive-hifive1-revb/install/lib/debug//libmetal-gloss.a(crt0.o) (_synchronize_harts)
/home/imianosky/RISCV-toolchain/riscv64-unknown-elf-gcc-8.2.0/bin/../lib/gcc/riscv64-unknown-elf/8.2.0/../../../../riscv64-unknown-elf/lib/rv32imac/ilp32/libc_nano.a(lib_a-atexit.o)
                              /home/imianosky/freedom-e-sdk/bsp/sifive-hifive1-revb/install/lib/debug//libmetal-gloss.a(crt0.o) (atexit)
/home/imianosky/RISCV-toolchain/riscv64-unknown-elf-gcc-8.2.0/bin/../lib/gcc/riscv64-unknown-elf/8.2.0/../../../../riscv64-unknown-elf/lib/rv32imac/ilp32/libc_nano.a(lib_a-exit.o)
                              /home/imianosky/freedom-e-sdk/bsp/sifive-hifive1-revb/install/lib/debug//libmetal-gloss.a(crt0.o) (exit)
/home/imianosky/RISCV-toolchain/riscv64-unknown-elf-gcc-8.2.0/bin/../lib/gcc/riscv64-unknown-elf/8.2.0/../../../../riscv64-unknown-elf/lib/rv32imac/ilp32/libc_nano.a(lib_a-fini.o)
                              /home/imianosky/freedom-e-sdk/bsp/sifive-hifive1-revb/install/lib/debug//libmetal-gloss.a(crt0.o) (__libc_fini_array)
/home/imianosky/RISCV-toolchain/riscv64-unknown-elf-gcc-8.2.0/bin/../lib/gcc/riscv64-unknown-elf/8.2.0/../../../../riscv64-unknown-elf/lib/rv32imac/ilp32/libc_nano.a(lib_a-impure.o)
                              /home/imianosky/RISCV-toolchain/riscv64-unknown-elf-gcc-8.2.0/bin/../lib/gcc/riscv64-unknown-elf/8.2.0/../../../../riscv64-unknown-elf/lib/rv32imac/ilp32/libc_nano.a(lib_a-exit.o) (_global_impure_ptr)
/home/imianosky/RISCV-toolchain/riscv64-unknown-elf-gcc-8.2.0/bin/../lib/gcc/riscv64-unknown-elf/8.2.0/../../../../riscv64-unknown-elf/lib/rv32imac/ilp32/libc_nano.a(lib_a-init.o)
                              /home/imianosky/freedom-e-sdk/bsp/sifive-hifive1-revb/install/lib/debug//libmetal-gloss.a(crt0.o) (__libc_init_array)
/home/imianosky/RISCV-toolchain/riscv64-unknown-elf-gcc-8.2.0/bin/../lib/gcc/riscv64-unknown-elf/8.2.0/../../../../riscv64-unknown-elf/lib/rv32imac/ilp32/libc_nano.a(lib_a-__atexit.o)
                              /home/imianosky/RISCV-toolchain/riscv64-unknown-elf-gcc-8.2.0/bin/../lib/gcc/riscv64-unknown-elf/8.2.0/../../../../riscv64-unknown-elf/lib/rv32imac/ilp32/libc_nano.a(lib_a-atexit.o) (__register_exitproc)
/home/imianosky/RISCV-toolchain/riscv64-unknown-elf-gcc-8.2.0/bin/../lib/gcc/riscv64-unknown-elf/8.2.0/../../../../riscv64-unknown-elf/lib/rv32imac/ilp32/libc_nano.a(lib_a-__call_atexit.o)
                              /home/imianosky/RISCV-toolchain/riscv64-unknown-elf-gcc-8.2.0/bin/../lib/gcc/riscv64-unknown-elf/8.2.0/../../../../riscv64-unknown-elf/lib/rv32imac/ilp32/libc_nano.a(lib_a-__atexit.o) (__call_exitprocs)
/home/imianosky/freedom-e-sdk/bsp/sifive-hifive1-revb/install/lib/debug//libmetal.a(libriscv__mmachine__sifive-hifive1-revb_a-inline.o)
                              /home/imianosky/freedom-e-sdk/bsp/sifive-hifive1-revb/install/lib/debug//libmetal-gloss.a(synchronize_harts.o) (__metal_dt_clock_0)
/home/imianosky/freedom-e-sdk/bsp/sifive-hifive1-revb/install/lib/debug//libmetal.a(libriscv__mmachine__sifive-hifive1-revb_a-riscv_clint0.o)
                              /home/imianosky/freedom-e-sdk/bsp/sifive-hifive1-revb/install/lib/debug//libmetal.a(libriscv__mmachine__sifive-hifive1-revb_a-inline.o) (__metal_driver_vtable_riscv_clint0)
/home/imianosky/freedom-e-sdk/bsp/sifive-hifive1-revb/install/lib/debug//libmetal.a(libriscv__mmachine__sifive-hifive1-revb_a-riscv_cpu.o)
                              /home/imianosky/freedom-e-sdk/bsp/sifive-hifive1-revb/install/lib/debug//libmetal.a(libriscv__mmachine__sifive-hifive1-revb_a-inline.o) (__metal_driver_vtable_riscv_cpu_intc)
/home/imianosky/freedom-e-sdk/bsp/sifive-hifive1-revb/install/lib/debug//libmetal.a(libriscv__mmachine__sifive-hifive1-revb_a-riscv_plic0.o)
                              /home/imianosky/freedom-e-sdk/bsp/sifive-hifive1-revb/install/lib/debug//libmetal.a(libriscv__mmachine__sifive-hifive1-revb_a-inline.o) (__metal_driver_vtable_riscv_plic0)
/home/imianosky/freedom-e-sdk/bsp/sifive-hifive1-revb/install/lib/debug//libmetal.a(libriscv__mmachine__sifive-hifive1-revb_a-sifive_fe310-g000_hfrosc.o)
[...]
Memory Configuration

Name             Origin             Length             Attributes
ram              0x0000000080000000 0x0000000000004000 axw !rl
flash            0x0000000020010000 0x000000000006a120 axrl !w
*default*        0x0000000000000000 0xffffffffffffffff

Linker script and memory map

LOAD /tmp/cch5rX50.o
LOAD /tmp/ccG4gpvv.o
LOAD /tmp/ccRGJWVZ.o
LOAD /tmp/ccEfuynu.o
LOAD /home/imianosky/RISCV-toolchain/riscv64-unknown-elf-gcc-8.2.0/bin/../lib/gcc/riscv64-unknown-elf/8.2.0/../../../../riscv64-unknown-elf/lib/rv32imac/ilp32/libm.a
START GROUP
LOAD /home/imianosky/RISCV-toolchain/riscv64-unknown-elf-gcc-8.2.0/bin/../lib/gcc/riscv64-unknown-elf/8.2.0/../../../../riscv64-unknown-elf/lib/rv32imac/ilp32/libc_nano.a
LOAD /home/imianosky/RISCV-toolchain/riscv64-unknown-elf-gcc-8.2.0/bin/../lib/gcc/riscv64-unknown-elf/8.2.0/rv32imac/ilp32/libgcc.a
LOAD /home/imianosky/freedom-e-sdk/bsp/sifive-hifive1-revb/install/lib/debug//libmetal.a
LOAD /home/imianosky/freedom-e-sdk/bsp/sifive-hifive1-revb/install/lib/debug//libmetal-gloss.a
END GROUP
                0x0000000000000400                __stack_size = DEFINED (__stack_size)?__stack_size:0x400
                [!provide]                        PROVIDE (__stack_size = __stack_size)
                0x0000000000000400                __heap_size = DEFINED (__heap_size)?__heap_size:0x400
                0x0000000000000000                PROVIDE (__metal_boot_hart = 0x0)
                0x0000000000000000                PROVIDE (__metal_chicken_bit = 0x0)

.init           0x0000000020010000      0x168
 *(.text.metal.init.enter)
 .text.metal.init.enter
                0x0000000020010000       0x60 /home/imianosky/freedom-e-sdk/bsp/sifive-hifive1-revb/install/lib/debug//libmetal.a(libriscv__mmachine__sifive-hifive1-revb_a-entry.o)
                0x0000000020010000                _enter
 *(SORT_NONE(.init))
 *(.text.libgloss.start)
 .text.libgloss.start
                0x0000000020010060      0x108 /home/imianosky/freedom-e-sdk/bsp/sifive-hifive1-revb/install/lib/debug//libmetal-gloss.a(crt0.o)
                0x0000000020010060                _start
                0x0000000020010148                _init
                0x0000000020010148                _fini
                0x000000002001014a                secondary_main

.text           0x0000000020010168      0xd86
 *(.text.unlikely .text.unlikely.*)
 *(.text.startup .text.startup.*)
 .text.startup.register_fini
                0x0000000020010168       0x16 /home/imianosky/RISCV-toolchain/riscv64-unknown-elf-gcc-8.2.0/bin/../lib/gcc/riscv64-unknown-elf/8.2.0/../../../../riscv64-unknown-elf/lib/rv32imac/ilp32/libc_nano.a(lib_a-__call_atexit.o)
 *(.text .text.*)
 .text.main     0x000000002001017e       0x90 /tmp/cch5rX50.o
                0x000000002001017e                main
 *fill*         0x000000002001020e        0x2 
 .text          0x0000000020010210       0x3a /tmp/ccG4gpvv.o
                0x0000000020010210                setLED
 *fill*         0x000000002001024a        0x2 
 .text          0x000000002001024c       0x1e /tmp/ccRGJWVZ.o
                0x000000002001024c                setupGPIO
 *fill*         0x000000002001026a        0x2 
 .text          0x000000002001026c       0x2a /tmp/ccEfuynu.o
                0x000000002001026c                delay
 *fill*         0x0000000020010296        0x2 
 .text.metal.init.trapvec
                0x0000000020010298        0xe /home/imianosky/freedom-e-sdk/bsp/sifive-hifive1-revb/install/lib/debug//libmetal.a(libriscv__mmachine__sifive-hifive1-revb_a-entry.o)
 .text._synchronize_harts
                0x00000000200102a6        0xe /home/imianosky/freedom-e-sdk/bsp/sifive-hifive1-revb/install/lib/debug//libmetal-gloss.a(synchronize_harts.o)
                0x00000000200102a6                _synchronize_harts
 .text.atexit   0x00000000200102b4        0xa /home/imianosky/RISCV-toolchain/riscv64-unknown-elf-gcc-8.2.0/bin/../lib/gcc/riscv64-unknown-elf/8.2.0/../../../../riscv64-unknown-elf/lib/rv32imac/ilp32/libc_nano.a(lib_a-atexit.o)
                0x00000000200102b4                atexit
 .text.exit     0x00000000200102be       0x2c /home/imianosky/RISCV-toolchain/riscv64-unknown-elf-gcc-8.2.0/bin/../lib/gcc/riscv64-unknown-elf/8.2.0/../../../../riscv64-unknown-elf/lib/rv32imac/ilp32/libc_nano.a(lib_a-exit.o)
                0x00000000200102be                exit
 .text.__libc_fini_array
                0x00000000200102ea       0x38 /home/imianosky/RISCV-toolchain/riscv64-unknown-elf-gcc-8.2.0/bin/../lib/gcc/riscv64-unknown-elf/8.2.0/../../../../riscv64-unknown-elf/lib/rv32imac/ilp32/libc_nano.a(lib_a-fini.o)
                0x00000000200102ea                __libc_fini_array
 .text.__libc_init_array
                0x0000000020010322       0x6c /home/imianosky/RISCV-toolchain/riscv64-unknown-elf-gcc-8.2.0/bin/../lib/gcc/riscv64-unknown-elf/8.2.0/../../../../riscv64-unknown-elf/lib/rv32imac/ilp32/libc_nano.a(lib_a-init.o)
                0x0000000020010322                __libc_init_array
 .text.__register_exitproc
                0x000000002001038e       0x7c /home/imianosky/RISCV-toolchain/riscv64-unknown-elf-gcc-8.2.0/bin/../lib/gcc/riscv64-unknown-elf/8.2.0/../../../../riscv64-unknown-elf/lib/rv32imac/ilp32/libc_nano.a(lib_a-__atexit.o)
                0x000000002001038e                __register_exitproc
 .text.__call_exitprocs
                0x000000002001040a       0xc4 /home/imianosky/RISCV-toolchain/riscv64-unknown-elf-gcc-8.2.0/bin/../lib/gcc/riscv64-unknown-elf/8.2.0/../../../../riscv64-unknown-elf/lib/rv32imac/ilp32/libc_nano.a(lib_a-__call_atexit.o)
                0x000000002001040a                __call_exitprocs
 .text.__metal_driver_sifive_fe310_g000_hfrosc_ref
                0x00000000200104ce       0x1a /home/imianosky/freedom-e-sdk/bsp/sifive-hifive1-revb/install/lib/debug//libmetal.a(libriscv__mmachine__sifive-hifive1-revb_a-sifive_fe310-g000_hfrosc.o)
 .text.__metal_driver_sifive_fe310_g000_hfrosc_config_base
                0x00000000200104e8       0x16 /home/imianosky/freedom-e-sdk/bsp/sifive-hifive1-revb/install/lib/debug//libmetal.a(libriscv__mmachine__sifive-hifive1-revb_a-sifive_fe310-g000_hfrosc.o)
 .text.__metal_driver_sifive_fe310_g000_hfrosc_config_offset
                0x00000000200104fe       0x14 /home/imianosky/freedom-e-sdk/bsp/sifive-hifive1-revb/install/lib/debug//libmetal.a(libriscv__mmachine__sifive-hifive1-revb_a-sifive_fe310-g000_hfrosc.o)
 .text.__metal_driver_sifive_fe310_g000_prci_vtable
                0x0000000020010512       0x12 /home/imianosky/freedom-e-sdk/bsp/sifive-hifive1-revb/install/lib/debug//libmetal.a(libriscv__mmachine__sifive-hifive1-revb_a-sifive_fe310-g000_hfrosc.o)
 .text.__metal_driver_sifive_fe310_g000_hfrosc_get_rate_hz
                0x0000000020010524       0x68 /home/imianosky/freedom-e-sdk/bsp/sifive-hifive1-revb/install/lib/debug//libmetal.a(libriscv__mmachine__sifive-hifive1-revb_a-sifive_fe310-g000_hfrosc.o)
                0x0000000020010524                __metal_driver_sifive_fe310_g000_hfrosc_get_rate_hz
 .text.__metal_driver_sifive_fe310_g000_hfrosc_set_rate_hz
                0x000000002001058c       0x22 /home/imianosky/freedom-e-sdk/bsp/sifive-hifive1-revb/install/lib/debug//libmetal.a(libriscv__mmachine__sifive-hifive1-revb_a-sifive_fe310-g000_hfrosc.o)
                0x000000002001058c                __metal_driver_sifive_fe310_g000_hfrosc_set_rate_hz
 .text.__metal_driver_sifive_fe310_g000_hfxosc_ref
                0x00000000200105ae       0x1a /home/imianosky/freedom-e-sdk/bsp/sifive-hifive1-revb/install/lib/debug//libmetal.a(libriscv__mmachine__sifive-hifive1-revb_a-sifive_fe310-g000_hfxosc.o)
 .text.__metal_driver_sifive_fe310_g000_hfxosc_config_base
                0x00000000200105c8       0x16 /home/imianosky/freedom-e-sdk/bsp/sifive-hifive1-revb/install/lib/debug//libmetal.a(libriscv__mmachine__sifive-hifive1-revb_a-sifive_fe310-g000_hfxosc.o)
 .text.__metal_driver_sifive_fe310_g000_hfxosc_config_offset
                0x00000000200105de       0x14 /home/imianosky/freedom-e-sdk/bsp/sifive-hifive1-revb/install/lib/debug//libmetal.a(libriscv__mmachine__sifive-hifive1-revb_a-sifive_fe310-g000_hfxosc.o)
 .text.__metal_driver_sifive_fe310_g000_prci_vtable
                0x00000000200105f2       0x12 /home/imianosky/freedom-e-sdk/bsp/sifive-hifive1-revb/install/lib/debug//libmetal.a(libriscv__mmachine__sifive-hifive1-revb_a-sifive_fe310-g000_hfxosc.o)
 .text.__metal_driver_sifive_fe310_g000_hfxosc_get_rate_hz
                0x0000000020010604       0x58 /home/imianosky/freedom-e-sdk/bsp/sifive-hifive1-revb/install/lib/debug//libmetal.a(libriscv__mmachine__sifive-hifive1-revb_a-sifive_fe310-g000_hfxosc.o)
                0x0000000020010604                __metal_driver_sifive_fe310_g000_hfxosc_get_rate_hz
 .text.__metal_driver_sifive_fe310_g000_hfxosc_set_rate_hz
                0x000000002001065c       0x22 /home/imianosky/freedom-e-sdk/bsp/sifive-hifive1-revb/install/lib/debug//libmetal.a(libriscv__mmachine__sifive-hifive1-revb_a-sifive_fe310-g000_hfxosc.o)
                0x000000002001065c                __metal_driver_sifive_fe310_g000_hfxosc_set_rate_hz
 .text.__metal_driver_sifive_fe310_g000_pll_pllsel0
                0x000000002001067e       0x1a /home/imianosky/freedom-e-sdk/bsp/sifive-hifive1-revb/install/lib/debug//libmetal.a(libriscv__mmachine__sifive-hifive1-revb_a-sifive_fe310-g000_pll.o)
 .text.__metal_driver_sifive_fe310_g000_pll_pllref
                0x0000000020010698       0x1a /home/imianosky/freedom-e-sdk/bsp/sifive-hifive1-revb/install/lib/debug//libmetal.a(libriscv__mmachine__sifive-hifive1-revb_a-sifive_fe310-g000_pll.o)
 .text.__metal_driver_sifive_fe310_g000_pll_divider_base
                0x00000000200106b2       0x16 /home/imianosky/freedom-e-sdk/bsp/sifive-hifive1-revb/install/lib/debug//libmetal.a(libriscv__mmachine__sifive-hifive1-revb_a-sifive_fe310-g000_pll.o)
 .text.__metal_driver_sifive_fe310_g000_pll_divider_offset
                0x00000000200106c8       0x14 /home/imianosky/freedom-e-sdk/bsp/sifive-hifive1-revb/install/lib/debug//libmetal.a(libriscv__mmachine__sifive-hifive1-revb_a-sifive_fe310-g000_pll.o)
 .text.__metal_driver_sifive_fe310_g000_pll_config_base
                0x00000000200106dc       0x12 /home/imianosky/freedom-e-sdk/bsp/sifive-hifive1-revb/install/lib/debug//libmetal.a(libriscv__mmachine__sifive-hifive1-revb_a-sifive_fe310-g000_pll.o)
 .text.__metal_driver_sifive_fe310_g000_pll_config_offset
                0x00000000200106ee       0x10 /home/imianosky/freedom-e-sdk/bsp/sifive-hifive1-revb/install/lib/debug//libmetal.a(libriscv__mmachine__sifive-hifive1-revb_a-sifive_fe310-g000_pll.o)
 .text.__metal_driver_sifive_fe310_g000_pll_init_rate
                0x00000000200106fe       0x16 /home/imianosky/freedom-e-sdk/bsp/sifive-hifive1-revb/install/lib/debug//libmetal.a(libriscv__mmachine__sifive-hifive1-revb_a-sifive_fe310-g000_pll.o)
 .text.__metal_driver_sifive_fe310_g000_prci_base
                0x0000000020010714       0x12 /home/imianosky/freedom-e-sdk/bsp/sifive-hifive1-revb/install/lib/debug//libmetal.a(libriscv__mmachine__sifive-hifive1-revb_a-sifive_fe310-g000_pll.o)
 .text.__metal_driver_sifive_fe310_g000_prci_vtable
                0x0000000020010726       0x12 /home/imianosky/freedom-e-sdk/bsp/sifive-hifive1-revb/install/lib/debug//libmetal.a(libriscv__mmachine__sifive-hifive1-revb_a-sifive_fe310-g000_pll.o)
 .text.get_pll_config_freq
                0x0000000020010738       0x4e /home/imianosky/freedom-e-sdk/bsp/sifive-hifive1-revb/install/lib/debug//libmetal.a(libriscv__mmachine__sifive-hifive1-revb_a-sifive_fe310-g000_pll.o)
 .text.metal_sifive_fe310_g000_pll_init
                0x0000000020010786       0x28 /home/imianosky/freedom-e-sdk/bsp/sifive-hifive1-revb/install/lib/debug//libmetal.a(libriscv__mmachine__sifive-hifive1-revb_a-sifive_fe310-g000_pll.o)
 .text.__metal_driver_sifive_fe310_g000_pll_init
                0x00000000200107ae       0xbc /home/imianosky/freedom-e-sdk/bsp/sifive-hifive1-revb/install/lib/debug//libmetal.a(libriscv__mmachine__sifive-hifive1-revb_a-sifive_fe310-g000_pll.o)
                0x00000000200107ae                __metal_driver_sifive_fe310_g000_pll_init
 .text.__metal_driver_sifive_fe310_g000_pll_get_rate_hz
                0x000000002001086a      0x16c /home/imianosky/freedom-e-sdk/bsp/sifive-hifive1-revb/install/lib/debug//libmetal.a(libriscv__mmachine__sifive-hifive1-revb_a-sifive_fe310-g000_pll.o)
                0x000000002001086a                __metal_driver_sifive_fe310_g000_pll_get_rate_hz
 .text.find_closest_config
                0x00000000200109d6       0xa8 /home/imianosky/freedom-e-sdk/bsp/sifive-hifive1-revb/install/lib/debug//libmetal.a(libriscv__mmachine__sifive-hifive1-revb_a-sifive_fe310-g000_pll.o)
 .text.configure_pll
                0x0000000020010a7e      0x132 /home/imianosky/freedom-e-sdk/bsp/sifive-hifive1-revb/install/lib/debug//libmetal.a(libriscv__mmachine__sifive-hifive1-revb_a-sifive_fe310-g000_pll.o)
 .text.__metal_driver_sifive_fe310_g000_pll_set_rate_hz
                0x0000000020010bb0      0x154 /home/imianosky/freedom-e-sdk/bsp/sifive-hifive1-revb/install/lib/debug//libmetal.a(libriscv__mmachine__sifive-hifive1-revb_a-sifive_fe310-g000_pll.o)
                0x0000000020010bb0                __metal_driver_sifive_fe310_g000_pll_set_rate_hz
 .text.use_hfxosc
                0x0000000020010d04       0x26 /home/imianosky/freedom-e-sdk/bsp/sifive-hifive1-revb/install/lib/debug//libmetal.a(libriscv__mmachine__sifive-hifive1-revb_a-sifive_fe310-g000_pll.o)
 .text.__metal_driver_sifive_fe310_g000_prci_base
                0x0000000020010d2a       0x12 /home/imianosky/freedom-e-sdk/bsp/sifive-hifive1-revb/install/lib/debug//libmetal.a(libriscv__mmachine__sifive-hifive1-revb_a-sifive_fe310-g000_prci.o)
 .text.__metal_driver_sifive_fe310_g000_prci_get_reg
                0x0000000020010d3c       0x2e /home/imianosky/freedom-e-sdk/bsp/sifive-hifive1-revb/install/lib/debug//libmetal.a(libriscv__mmachine__sifive-hifive1-revb_a-sifive_fe310-g000_prci.o)
                0x0000000020010d3c                __metal_driver_sifive_fe310_g000_prci_get_reg
 .text.__metal_driver_sifive_fe310_g000_prci_set_reg
                0x0000000020010d6a       0x38 /home/imianosky/freedom-e-sdk/bsp/sifive-hifive1-revb/install/lib/debug//libmetal.a(libriscv__mmachine__sifive-hifive1-revb_a-sifive_fe310-g000_prci.o)
                0x0000000020010d6a                __metal_driver_sifive_fe310_g000_prci_set_reg
 .text.metal_clock_get_rate_hz
                0x0000000020010da2       0x26 /home/imianosky/freedom-e-sdk/bsp/sifive-hifive1-revb/install/lib/debug//libmetal.a(libriscv__mmachine__sifive-hifive1-revb_a-clock.o)
                0x0000000020010da2                metal_clock_get_rate_hz
 .text.metal_clock_set_rate_hz
                0x0000000020010dc8       0x64 /home/imianosky/freedom-e-sdk/bsp/sifive-hifive1-revb/install/lib/debug//libmetal.a(libriscv__mmachine__sifive-hifive1-revb_a-clock.o)
                0x0000000020010dc8                metal_clock_set_rate_hz
 .text.metal_shutdown
                0x0000000020010e2c        0xe /home/imianosky/freedom-e-sdk/bsp/sifive-hifive1-revb/install/lib/debug//libmetal.a(libriscv__mmachine__sifive-hifive1-revb_a-shutdown.o)
                0x0000000020010e2c                metal_shutdown
 .text.__metal_driver_fixed_clock_rate
                0x0000000020010e3a       0x62 /home/imianosky/freedom-e-sdk/bsp/sifive-hifive1-revb/install/lib/debug//libmetal.a(libriscv__mmachine__sifive-hifive1-revb_a-fixed-clock.o)
 .text.__metal_driver_fixed_clock_get_rate_hz
                0x0000000020010e9c       0x1e /home/imianosky/freedom-e-sdk/bsp/sifive-hifive1-revb/install/lib/debug//libmetal.a(libriscv__mmachine__sifive-hifive1-revb_a-fixed-clock.o)
                0x0000000020010e9c                __metal_driver_fixed_clock_get_rate_hz
 .text.__metal_driver_fixed_clock_set_rate_hz
                0x0000000020010eba       0x22 /home/imianosky/freedom-e-sdk/bsp/sifive-hifive1-revb/install/lib/debug//libmetal.a(libriscv__mmachine__sifive-hifive1-revb_a-fixed-clock.o)
                0x0000000020010eba                __metal_driver_fixed_clock_set_rate_hz
 .text._exit    0x0000000020010edc       0x12 /home/imianosky/freedom-e-sdk/bsp/sifive-hifive1-revb/install/lib/debug//libmetal-gloss.a(sys_exit.o)
                0x0000000020010edc                _exit
 *(.itim .itim.*)
 *(.gnu.linkonce.t.*)

.fini
 *(SORT_NONE(.fini))
                [!provide]                        PROVIDE (__etext = .)
                [!provide]                        PROVIDE (_etext = .)
                [!provide]                        PROVIDE (etext = .)

.rodata         0x0000000020010ef0      0x8a0
 *(.rdata)
 *(.rodata .rodata.*)
 .rodata.libgloss.start
                0x0000000020010ef0       0x11 /home/imianosky/freedom-e-sdk/bsp/sifive-hifive1-revb/install/lib/debug//libmetal-gloss.a(crt0.o)
 *fill*         0x0000000020010f01        0x3 
 .rodata.pll_configs
                0x0000000020010f04      0x880 /home/imianosky/freedom-e-sdk/bsp/sifive-hifive1-revb/install/lib/debug//libmetal.a(libriscv__mmachine__sifive-hifive1-revb_a-sifive_fe310-g000_pll.o)
 .rodata.__metal_driver_vtable_sifive_fe310_g000_pll
                0x0000000020011784        0xc /home/imianosky/freedom-e-sdk/bsp/sifive-hifive1-revb/install/lib/debug//libmetal.a(libriscv__mmachine__sifive-hifive1-revb_a-sifive_fe310-g000_pll.o)
                0x0000000020011784                __metal_driver_vtable_sifive_fe310_g000_pll
 *(.gnu.linkonce.r.*)
                0x0000000020011790                . = ALIGN (0x8)
 *fill*         0x0000000020011790        0x0 
 *(.srodata.cst16)
 *(.srodata.cst8)
 *(.srodata.cst4)
 *(.srodata.cst2)
 *(.srodata .srodata.*)

.rela.dyn       0x0000000020011790        0x0
 .rela.text.metal.init.enter
                0x0000000020011790        0x0 /tmp/cch5rX50.o
 .rela.text.libgloss.start
                0x0000000020011790        0x0 /tmp/cch5rX50.o
 .rela.text.__libc_fini_array
                0x0000000020011790        0x0 /tmp/cch5rX50.o
 .rela.data.impure_data
                0x0000000020011790        0x0 /tmp/cch5rX50.o
 .rela.text.__libc_init_array
                0x0000000020011790        0x0 /tmp/cch5rX50.o
 .rela.text.__register_exitproc
                0x0000000020011790        0x0 /tmp/cch5rX50.o
 .rela.text.startup.register_fini
                0x0000000020011790        0x0 /tmp/cch5rX50.o
                0x0000000020011790                . = ALIGN (0x4)

.preinit_array  0x0000000020011790        0x0
                0x0000000020011790                PROVIDE (__preinit_array_start = .)
 *(.preinit_array)
                0x0000000020011790                PROVIDE (__preinit_array_end = .)

.init_array     0x0000000020011790        0xc
                0x0000000020011790                PROVIDE (__init_array_start = .)
 *(SORT_BY_INIT_PRIORITY(.init_array.*) SORT_BY_INIT_PRIORITY(.ctors.*))
 .init_array.00000
                0x0000000020011790        0x4 /home/imianosky/RISCV-toolchain/riscv64-unknown-elf-gcc-8.2.0/bin/../lib/gcc/riscv64-unknown-elf/8.2.0/../../../../riscv64-unknown-elf/lib/rv32imac/ilp32/libc_nano.a(lib_a-__call_atexit.o)
 *(.init_array EXCLUDE_FILE(*crtend?.o *crtend.o *crtbegin?.o *crtbegin.o) .ctors)
 .init_array    0x0000000020011794        0x8 /home/imianosky/freedom-e-sdk/bsp/sifive-hifive1-revb/install/lib/debug//libmetal.a(libriscv__mmachine__sifive-hifive1-revb_a-sifive_fe310-g000_pll.o)
                0x000000002001179c                PROVIDE (__init_array_end = .)

.fini_array     0x000000002001179c        0x0
                0x000000002001179c                PROVIDE (__fini_array_start = .)
 *(SORT_BY_INIT_PRIORITY(.fini_array.*) SORT_BY_INIT_PRIORITY(.dtors.*))
 *(.fini_array EXCLUDE_FILE(*crtend?.o *crtend.o *crtbegin?.o *crtbegin.o) .dtors)
                0x000000002001179c                PROVIDE (__fini_array_end = .)

.ctors
 *crtbegin.o(.ctors)
 *crtbegin?.o(.ctors)
 *(EXCLUDE_FILE(*crtend?.o *crtend.o) .ctors)
 *(SORT_BY_NAME(.ctors.*))
 *(.ctors)

.dtors
 *crtbegin.o(.dtors)
 *crtbegin?.o(.dtors)
 *(EXCLUDE_FILE(*crtend?.o *crtend.o) .dtors)
 *(SORT_BY_NAME(.dtors.*))
 *(.dtors)

.litimalign     0x000000002001179c        0x0
                0x000000002001179c                . = ALIGN (0x4)
                0x000000002001179c                PROVIDE (metal_segment_itim_source_start = .)

.ditimalign     0x0000000080000000        0x0 load address 0x000000002001179c
                0x0000000080000000                . = ALIGN (0x4)
                0x0000000080000000                PROVIDE (metal_segment_itim_target_start = .)

.itim
 *(.itim .itim.*)
                0x0000000080000000                . = ALIGN (0x8)
                0x0000000080000000                PROVIDE (metal_segment_itim_target_end = .)

.lalign         0x000000002001179c        0x0
                0x000000002001179c                . = ALIGN (0x4)
                [!provide]                        PROVIDE (_data_lma = .)
                0x000000002001179c                PROVIDE (metal_segment_data_source_start = .)

.dalign         0x0000000080000000        0x0 load address 0x000000002001179c
                0x0000000080000000                . = ALIGN (0x4)
                0x0000000080000000                PROVIDE (metal_segment_data_target_start = .)

.data           0x0000000080000000       0xfc load address 0x000000002001179c
 *(.data .data.*)
 .data.impure_data
                0x0000000080000000       0x60 /home/imianosky/RISCV-toolchain/riscv64-unknown-elf-gcc-8.2.0/bin/../lib/gcc/riscv64-unknown-elf/8.2.0/../../../../riscv64-unknown-elf/lib/rv32imac/ilp32/libc_nano.a(lib_a-impure.o)
 .data.__metal_dt_clock_0
                0x0000000080000060       0x14 /home/imianosky/freedom-e-sdk/bsp/sifive-hifive1-revb/install/lib/debug//libmetal.a(libriscv__mmachine__sifive-hifive1-revb_a-inline.o)
                0x0000000080000060                __metal_dt_clock_0
 .data.__metal_dt_clock_2
                0x0000000080000074       0x14 /home/imianosky/freedom-e-sdk/bsp/sifive-hifive1-revb/install/lib/debug//libmetal.a(libriscv__mmachine__sifive-hifive1-revb_a-inline.o)
                0x0000000080000074                __metal_dt_clock_2
 .data.__metal_dt_clock_5
                0x0000000080000088       0x14 /home/imianosky/freedom-e-sdk/bsp/sifive-hifive1-revb/install/lib/debug//libmetal.a(libriscv__mmachine__sifive-hifive1-revb_a-inline.o)
                0x0000000080000088                __metal_dt_clock_5
 .data.__metal_dt_clock_3
                0x000000008000009c       0x14 /home/imianosky/freedom-e-sdk/bsp/sifive-hifive1-revb/install/lib/debug//libmetal.a(libriscv__mmachine__sifive-hifive1-revb_a-inline.o)
                0x000000008000009c                __metal_dt_clock_3
 .data.__metal_dt_clock_1
                0x00000000800000b0       0x14 /home/imianosky/freedom-e-sdk/bsp/sifive-hifive1-revb/install/lib/debug//libmetal.a(libriscv__mmachine__sifive-hifive1-revb_a-inline.o)
                0x00000000800000b0                __metal_dt_clock_1
 .data.__metal_dt_clock_4
                0x00000000800000c4       0x14 /home/imianosky/freedom-e-sdk/bsp/sifive-hifive1-revb/install/lib/debug//libmetal.a(libriscv__mmachine__sifive-hifive1-revb_a-inline.o)
                0x00000000800000c4                __metal_dt_clock_4
 *(.gnu.linkonce.d.*)
                0x00000000800000d8                . = ALIGN (0x8)
                0x00000000800008d8                PROVIDE (__global_pointer$ = (. + 0x800))
 *(.sdata .sdata.* .sdata2.*)
 .sdata2._global_impure_ptr
                0x00000000800000d8        0x4 /home/imianosky/RISCV-toolchain/riscv64-unknown-elf-gcc-8.2.0/bin/../lib/gcc/riscv64-unknown-elf/8.2.0/../../../../riscv64-unknown-elf/lib/rv32imac/ilp32/libc_nano.a(lib_a-impure.o)
                0x00000000800000d8                _global_impure_ptr
 .sdata2.__metal_driver_vtable_sifive_fe310_g000_hfrosc
                0x00000000800000dc        0x8 /home/imianosky/freedom-e-sdk/bsp/sifive-hifive1-revb/install/lib/debug//libmetal.a(libriscv__mmachine__sifive-hifive1-revb_a-sifive_fe310-g000_hfrosc.o)
                0x00000000800000dc                __metal_driver_vtable_sifive_fe310_g000_hfrosc
 .sdata2.__metal_driver_vtable_sifive_fe310_g000_hfxosc
                0x00000000800000e4        0x8 /home/imianosky/freedom-e-sdk/bsp/sifive-hifive1-revb/install/lib/debug//libmetal.a(libriscv__mmachine__sifive-hifive1-revb_a-sifive_fe310-g000_hfxosc.o)
                0x00000000800000e4                __metal_driver_vtable_sifive_fe310_g000_hfxosc
 .sdata2.__metal_driver_vtable_sifive_fe310_g000_prci
                0x00000000800000ec        0x8 /home/imianosky/freedom-e-sdk/bsp/sifive-hifive1-revb/install/lib/debug//libmetal.a(libriscv__mmachine__sifive-hifive1-revb_a-sifive_fe310-g000_prci.o)
                0x00000000800000ec                __metal_driver_vtable_sifive_fe310_g000_prci
 .sdata2.__metal_driver_vtable_fixed_clock
                0x00000000800000f4        0x8 /home/imianosky/freedom-e-sdk/bsp/sifive-hifive1-revb/install/lib/debug//libmetal.a(libriscv__mmachine__sifive-hifive1-revb_a-fixed-clock.o)
                0x00000000800000f4                __metal_driver_vtable_fixed_clock
 *(.gnu.linkonce.s.*)
                0x00000000800000fc                . = ALIGN (0x4)
                [!provide]                        PROVIDE (_edata = .)
                [!provide]                        PROVIDE (edata = .)
                0x00000000800000fc                PROVIDE (metal_segment_data_target_end = .)
                [!provide]                        PROVIDE (_fbss = .)
                [!provide]                        PROVIDE (__bss_start = .)
                0x00000000800000fc                PROVIDE (metal_segment_bss_target_start = .)

.bss            0x00000000800000fc       0x90
 *(.sbss*)
 .sbss._global_atexit
                0x00000000800000fc        0x4 /home/imianosky/RISCV-toolchain/riscv64-unknown-elf-gcc-8.2.0/bin/../lib/gcc/riscv64-unknown-elf/8.2.0/../../../../riscv64-unknown-elf/lib/rv32imac/ilp32/libc_nano.a(lib_a-__call_atexit.o)
                0x00000000800000fc                _global_atexit
 *(.gnu.linkonce.sb.*)
 *(.bss .bss.*)
 .bss._global_atexit0
                0x0000000080000100       0x8c /home/imianosky/RISCV-toolchain/riscv64-unknown-elf-gcc-8.2.0/bin/../lib/gcc/riscv64-unknown-elf/8.2.0/../../../../riscv64-unknown-elf/lib/rv32imac/ilp32/libc_nano.a(lib_a-__atexit.o)
 .bss.__metal_dt_prci_10008000
                0x000000008000018c        0x0 /home/imianosky/freedom-e-sdk/bsp/sifive-hifive1-revb/install/lib/debug//libmetal.a(libriscv__mmachine__sifive-hifive1-revb_a-inline.o)
                0x000000008000018c                __metal_dt_prci_10008000
 *(.gnu.linkonce.b.*)
 *(COMMON)
                0x000000008000018c                . = ALIGN (0x4)
                0x0000000080000190                . = ALIGN (0x8)
                [!provide]                        PROVIDE (_end = .)
                [!provide]                        PROVIDE (end = .)
                0x0000000080000190                PROVIDE (metal_segment_bss_target_end = .)

.stack          0x000000008000018c      0x400
                [!provide]                        PROVIDE (metal_segment_stack_begin = .)
                0x0000000000000400                . = __stack_size
 *fill*         0x000000008000018c      0x400 
                0x000000008000058c                PROVIDE (_sp = .)
                [!provide]                        PROVIDE (metal_segment_stack_end = .)

.heap           0x000000008000058c      0x400
                0x000000008000058c                PROVIDE (metal_segment_heap_target_start = .)
                0x0000000000000400                . = __heap_size
 *fill*         0x000000008000058c      0x400 
                0x000000008000098c                PROVIDE (metal_segment_heap_target_end = .)
                [!provide]                        PROVIDE (_heap_end = .)
OUTPUT(LEDs-blink elf32-littleriscv)

.debug_info     0x0000000000000000     0xb0c0
 .debug_info    0x0000000000000000      0x96a /tmp/cch5rX50.o
 .debug_info    0x000000000000096a       0x26 /tmp/ccG4gpvv.o
 .debug_info    0x0000000000000990       0x26 /tmp/ccRGJWVZ.o
 .debug_info    0x00000000000009b6       0x26 /tmp/ccEfuynu.o
 .debug_info    0x00000000000009dc       0x22 /home/imianosky/freedom-e-sdk/bsp/sifive-hifive1-revb/install/lib/debug//libmetal.a(libriscv__mmachine__sifive-hifive1-revb_a-entry.o)
 .debug_info    0x00000000000009fe       0x26 /home/imianosky/freedom-e-sdk/bsp/sifive-hifive1-revb/install/lib/debug//libmetal-gloss.a(crt0.o)
 .debug_info    0x0000000000000a24     0x1232 /home/imianosky/freedom-e-sdk/bsp/sifive-hifive1-revb/install/lib/debug//libmetal-gloss.a(synchronize_harts.o)
 .debug_info    0x0000000000001c56     0x1218 /home/imianosky/freedom-e-sdk/bsp/sifive-hifive1-revb/install/lib/debug//libmetal.a(libriscv__mmachine__sifive-hifive1-revb_a-inline.o)
 .debug_info    0x0000000000002e6e     0x137e /home/imianosky/freedom-e-sdk/bsp/sifive-hifive1-revb/install/lib/debug//libmetal.a(libriscv__mmachine__sifive-hifive1-revb_a-sifive_fe310-g000_hfrosc.o)
 .debug_info    0x00000000000041ec     0x137e /home/imianosky/freedom-e-sdk/bsp/sifive-hifive1-revb/install/lib/debug//libmetal.a(libriscv__mmachine__sifive-hifive1-revb_a-sifive_fe310-g000_hfxosc.o)
 .debug_info    0x000000000000556a     0x205c /home/imianosky/freedom-e-sdk/bsp/sifive-hifive1-revb/install/lib/debug//libmetal.a(libriscv__mmachine__sifive-hifive1-revb_a-sifive_fe310-g000_pll.o)
 .debug_info    0x00000000000075c6     0x12ef /home/imianosky/freedom-e-sdk/bsp/sifive-hifive1-revb/install/lib/debug//libmetal.a(libriscv__mmachine__sifive-hifive1-revb_a-sifive_fe310-g000_prci.o)
 .debug_info    0x00000000000088b5      0x229 /home/imianosky/freedom-e-sdk/bsp/sifive-hifive1-revb/install/lib/debug//libmetal.a(libriscv__mmachine__sifive-hifive1-revb_a-clock.o)
 .debug_info    0x0000000000008ade     0x12dd /home/imianosky/freedom-e-sdk/bsp/sifive-hifive1-revb/install/lib/debug//libmetal.a(libriscv__mmachine__sifive-hifive1-revb_a-shutdown.o)
 .debug_info    0x0000000000009dbb     0x12b6 /home/imianosky/freedom-e-sdk/bsp/sifive-hifive1-revb/install/lib/debug//libmetal.a(libriscv__mmachine__sifive-hifive1-revb_a-fixed-clock.o)
 .debug_info    0x000000000000b071       0x4f /home/imianosky/freedom-e-sdk/bsp/sifive-hifive1-revb/install/lib/debug//libmetal-gloss.a(sys_exit.o)

.debug_abbrev   0x0000000000000000     0x144c
 .debug_abbrev  0x0000000000000000      0x198 /tmp/cch5rX50.o
 .debug_abbrev  0x0000000000000198       0x14 /tmp/ccG4gpvv.o
 .debug_abbrev  0x00000000000001ac       0x14 /tmp/ccRGJWVZ.o
 .debug_abbrev  0x00000000000001c0       0x14 /tmp/ccEfuynu.o
 .debug_abbrev  0x00000000000001d4       0x12 /home/imianosky/freedom-e-sdk/bsp/sifive-hifive1-revb/install/lib/debug//libmetal.a(libriscv__mmachine__sifive-hifive1-revb_a-entry.o)
 .debug_abbrev  0x00000000000001e6       0x14 /home/imianosky/freedom-e-sdk/bsp/sifive-hifive1-revb/install/lib/debug//libmetal-gloss.a(crt0.o)
 .debug_abbrev  0x00000000000001fa      0x19a /home/imianosky/freedom-e-sdk/bsp/sifive-hifive1-revb/install/lib/debug//libmetal-gloss.a(synchronize_harts.o)
 .debug_abbrev  0x0000000000000394      0x17e /home/imianosky/freedom-e-sdk/bsp/sifive-hifive1-revb/install/lib/debug//libmetal.a(libriscv__mmachine__sifive-hifive1-revb_a-inline.o)
 .debug_abbrev  0x0000000000000512      0x23f /home/imianosky/freedom-e-sdk/bsp/sifive-hifive1-revb/install/lib/debug//libmetal.a(libriscv__mmachine__sifive-hifive1-revb_a-sifive_fe310-g000_hfrosc.o)
 .debug_abbrev  0x0000000000000751      0x23f /home/imianosky/freedom-e-sdk/bsp/sifive-hifive1-revb/install/lib/debug//libmetal.a(libriscv__mmachine__sifive-hifive1-revb_a-sifive_fe310-g000_hfxosc.o)
 .debug_abbrev  0x0000000000000990      0x3b3 /home/imianosky/freedom-e-sdk/bsp/sifive-hifive1-revb/install/lib/debug//libmetal.a(libriscv__mmachine__sifive-hifive1-revb_a-sifive_fe310-g000_pll.o)
 .debug_abbrev  0x0000000000000d43      0x1e7 /home/imianosky/freedom-e-sdk/bsp/sifive-hifive1-revb/install/lib/debug//libmetal.a(libriscv__mmachine__sifive-hifive1-revb_a-sifive_fe310-g000_prci.o)
 .debug_abbrev  0x0000000000000f2a      0x116 /home/imianosky/freedom-e-sdk/bsp/sifive-hifive1-revb/install/lib/debug//libmetal.a(libriscv__mmachine__sifive-hifive1-revb_a-clock.o)
 .debug_abbrev  0x0000000000001040      0x1e7 /home/imianosky/freedom-e-sdk/bsp/sifive-hifive1-revb/install/lib/debug//libmetal.a(libriscv__mmachine__sifive-hifive1-revb_a-shutdown.o)
 .debug_abbrev  0x0000000000001227      0x1d8 /home/imianosky/freedom-e-sdk/bsp/sifive-hifive1-revb/install/lib/debug//libmetal.a(libriscv__mmachine__sifive-hifive1-revb_a-fixed-clock.o)
 .debug_abbrev  0x00000000000013ff       0x4d /home/imianosky/freedom-e-sdk/bsp/sifive-hifive1-revb/install/lib/debug//libmetal-gloss.a(sys_exit.o)

.debug_aranges  0x0000000000000000      0x318
 .debug_aranges
                0x0000000000000000       0x20 /tmp/cch5rX50.o
 .debug_aranges
                0x0000000000000020       0x20 /tmp/ccG4gpvv.o
 .debug_aranges
                0x0000000000000040       0x20 /tmp/ccRGJWVZ.o
 .debug_aranges
                0x0000000000000060       0x20 /tmp/ccEfuynu.o
 .debug_aranges
                0x0000000000000080       0x30 /home/imianosky/freedom-e-sdk/bsp/sifive-hifive1-revb/install/lib/debug//libmetal.a(libriscv__mmachine__sifive-hifive1-revb_a-entry.o)
 .debug_aranges
                0x00000000000000b0       0x20 /home/imianosky/freedom-e-sdk/bsp/sifive-hifive1-revb/install/lib/debug//libmetal-gloss.a(crt0.o)
 .debug_aranges
                0x00000000000000d0       0x20 /home/imianosky/freedom-e-sdk/bsp/sifive-hifive1-revb/install/lib/debug//libmetal-gloss.a(synchronize_harts.o)
 .debug_aranges
                0x00000000000000f0       0x18 /home/imianosky/freedom-e-sdk/bsp/sifive-hifive1-revb/install/lib/debug//libmetal.a(libriscv__mmachine__sifive-hifive1-revb_a-inline.o)
 .debug_aranges
                0x0000000000000108       0x48 /home/imianosky/freedom-e-sdk/bsp/sifive-hifive1-revb/install/lib/debug//libmetal.a(libriscv__mmachine__sifive-hifive1-revb_a-sifive_fe310-g000_hfrosc.o)
 .debug_aranges
                0x0000000000000150       0x48 /home/imianosky/freedom-e-sdk/bsp/sifive-hifive1-revb/install/lib/debug//libmetal.a(libriscv__mmachine__sifive-hifive1-revb_a-sifive_fe310-g000_hfxosc.o)
 .debug_aranges
                0x0000000000000198       0xa0 /home/imianosky/freedom-e-sdk/bsp/sifive-hifive1-revb/install/lib/debug//libmetal.a(libriscv__mmachine__sifive-hifive1-revb_a-sifive_fe310-g000_pll.o)
 .debug_aranges
                0x0000000000000238       0x30 /home/imianosky/freedom-e-sdk/bsp/sifive-hifive1-revb/install/lib/debug//libmetal.a(libriscv__mmachine__sifive-hifive1-revb_a-sifive_fe310-g000_prci.o)
 .debug_aranges
                0x0000000000000268       0x38 /home/imianosky/freedom-e-sdk/bsp/sifive-hifive1-revb/install/lib/debug//libmetal.a(libriscv__mmachine__sifive-hifive1-revb_a-clock.o)
 .debug_aranges
                0x00000000000002a0       0x28 /home/imianosky/freedom-e-sdk/bsp/sifive-hifive1-revb/install/lib/debug//libmetal.a(libriscv__mmachine__sifive-hifive1-revb_a-shutdown.o)
 .debug_aranges
                0x00000000000002c8       0x30 /home/imianosky/freedom-e-sdk/bsp/sifive-hifive1-revb/install/lib/debug//libmetal.a(libriscv__mmachine__sifive-hifive1-revb_a-fixed-clock.o)
 .debug_aranges
                0x00000000000002f8       0x20 /home/imianosky/freedom-e-sdk/bsp/sifive-hifive1-revb/install/lib/debug//libmetal-gloss.a(sys_exit.o)

.debug_ranges   0x0000000000000000      0x1d8
 .debug_ranges  0x0000000000000000       0x10 /tmp/cch5rX50.o
 .debug_ranges  0x0000000000000010       0x28 /home/imianosky/freedom-e-sdk/bsp/sifive-hifive1-revb/install/lib/debug//libmetal.a(libriscv__mmachine__sifive-hifive1-revb_a-entry.o)
 .debug_ranges  0x0000000000000038       0x10 /home/imianosky/freedom-e-sdk/bsp/sifive-hifive1-revb/install/lib/debug//libmetal-gloss.a(synchronize_harts.o)
 .debug_ranges  0x0000000000000048       0x38 /home/imianosky/freedom-e-sdk/bsp/sifive-hifive1-revb/install/lib/debug//libmetal.a(libriscv__mmachine__sifive-hifive1-revb_a-sifive_fe310-g000_hfrosc.o)
 .debug_ranges  0x0000000000000080       0x38 /home/imianosky/freedom-e-sdk/bsp/sifive-hifive1-revb/install/lib/debug//libmetal.a(libriscv__mmachine__sifive-hifive1-revb_a-sifive_fe310-g000_hfxosc.o)
 .debug_ranges  0x00000000000000b8       0x90 /home/imianosky/freedom-e-sdk/bsp/sifive-hifive1-revb/install/lib/debug//libmetal.a(libriscv__mmachine__sifive-hifive1-revb_a-sifive_fe310-g000_pll.o)
 .debug_ranges  0x0000000000000148       0x20 /home/imianosky/freedom-e-sdk/bsp/sifive-hifive1-revb/install/lib/debug//libmetal.a(libriscv__mmachine__sifive-hifive1-revb_a-sifive_fe310-g000_prci.o)
 .debug_ranges  0x0000000000000168       0x28 /home/imianosky/freedom-e-sdk/bsp/sifive-hifive1-revb/install/lib/debug//libmetal.a(libriscv__mmachine__sifive-hifive1-revb_a-clock.o)
 .debug_ranges  0x0000000000000190       0x18 /home/imianosky/freedom-e-sdk/bsp/sifive-hifive1-revb/install/lib/debug//libmetal.a(libriscv__mmachine__sifive-hifive1-revb_a-shutdown.o)
 .debug_ranges  0x00000000000001a8       0x20 /home/imianosky/freedom-e-sdk/bsp/sifive-hifive1-revb/install/lib/debug//libmetal.a(libriscv__mmachine__sifive-hifive1-revb_a-fixed-clock.o)
 .debug_ranges  0x00000000000001c8       0x10 /home/imianosky/freedom-e-sdk/bsp/sifive-hifive1-revb/install/lib/debug//libmetal-gloss.a(sys_exit.o)

.debug_line     0x0000000000000000     0x31bb
 .debug_line    0x0000000000000000      0x195 /tmp/cch5rX50.o
 .debug_line    0x0000000000000195       0xab /tmp/ccG4gpvv.o
 .debug_line    0x0000000000000240       0x70 /tmp/ccRGJWVZ.o
 .debug_line    0x00000000000002b0       0x7a /tmp/ccEfuynu.o
 .debug_line    0x000000000000032a      0x114 /home/imianosky/freedom-e-sdk/bsp/sifive-hifive1-revb/install/lib/debug//libmetal.a(libriscv__mmachine__sifive-hifive1-revb_a-entry.o)
 .debug_line    0x000000000000043e      0x213 /home/imianosky/freedom-e-sdk/bsp/sifive-hifive1-revb/install/lib/debug//libmetal-gloss.a(crt0.o)
 .debug_line    0x0000000000000651      0x3dc /home/imianosky/freedom-e-sdk/bsp/sifive-hifive1-revb/install/lib/debug//libmetal-gloss.a(synchronize_harts.o)
 .debug_line    0x0000000000000a2d      0x379 /home/imianosky/freedom-e-sdk/bsp/sifive-hifive1-revb/install/lib/debug//libmetal.a(libriscv__mmachine__sifive-hifive1-revb_a-inline.o)
 .debug_line    0x0000000000000da6      0x4e9 /home/imianosky/freedom-e-sdk/bsp/sifive-hifive1-revb/install/lib/debug//libmetal.a(libriscv__mmachine__sifive-hifive1-revb_a-sifive_fe310-g000_hfrosc.o)
 .debug_line    0x000000000000128f      0x4d1 /home/imianosky/freedom-e-sdk/bsp/sifive-hifive1-revb/install/lib/debug//libmetal.a(libriscv__mmachine__sifive-hifive1-revb_a-sifive_fe310-g000_hfxosc.o)
 .debug_line    0x0000000000001760      0xb8a /home/imianosky/freedom-e-sdk/bsp/sifive-hifive1-revb/install/lib/debug//libmetal.a(libriscv__mmachine__sifive-hifive1-revb_a-sifive_fe310-g000_pll.o)
 .debug_line    0x00000000000022ea      0x469 /home/imianosky/freedom-e-sdk/bsp/sifive-hifive1-revb/install/lib/debug//libmetal.a(libriscv__mmachine__sifive-hifive1-revb_a-sifive_fe310-g000_prci.o)
 .debug_line    0x0000000000002753      0x15d /home/imianosky/freedom-e-sdk/bsp/sifive-hifive1-revb/install/lib/debug//libmetal.a(libriscv__mmachine__sifive-hifive1-revb_a-clock.o)
 .debug_line    0x00000000000028b0      0x40f /home/imianosky/freedom-e-sdk/bsp/sifive-hifive1-revb/install/lib/debug//libmetal.a(libriscv__mmachine__sifive-hifive1-revb_a-shutdown.o)
 .debug_line    0x0000000000002cbf      0x487 /home/imianosky/freedom-e-sdk/bsp/sifive-hifive1-revb/install/lib/debug//libmetal.a(libriscv__mmachine__sifive-hifive1-revb_a-fixed-clock.o)
 .debug_line    0x0000000000003146       0x75 /home/imianosky/freedom-e-sdk/bsp/sifive-hifive1-revb/install/lib/debug//libmetal-gloss.a(sys_exit.o)

.debug_str      0x0000000000000000     0x1c3a
 .debug_str     0x0000000000000000      0x4ed /tmp/cch5rX50.o
                                        0x572 (size before relaxing)
 .debug_str     0x00000000000004ed       0x15 /tmp/ccG4gpvv.o
                                         0x47 (size before relaxing)
 .debug_str     0x0000000000000502        0xc /tmp/ccRGJWVZ.o
                                         0x4a (size before relaxing)
 .debug_str     0x000000000000050e        0x8 /tmp/ccEfuynu.o
                                         0x46 (size before relaxing)
 .debug_str     0x0000000000000516       0x7a /home/imianosky/freedom-e-sdk/bsp/sifive-hifive1-revb/install/lib/debug//libmetal.a(libriscv__mmachine__sifive-hifive1-revb_a-entry.o)
                                         0x86 (size before relaxing)
 .debug_str     0x0000000000000590       0x39 /home/imianosky/freedom-e-sdk/bsp/sifive-hifive1-revb/install/lib/debug//libmetal-gloss.a(crt0.o)
                                         0x87 (size before relaxing)
 .debug_str     0x00000000000005c9      0xcd4 /home/imianosky/freedom-e-sdk/bsp/sifive-hifive1-revb/install/lib/debug//libmetal-gloss.a(synchronize_harts.o)
                                        0xee7 (size before relaxing)
 .debug_str     0x000000000000129d       0x41 /home/imianosky/freedom-e-sdk/bsp/sifive-hifive1-revb/install/lib/debug//libmetal.a(libriscv__mmachine__sifive-hifive1-revb_a-inline.o)
                                        0xecf (size before relaxing)
 .debug_str     0x00000000000012de      0x17e /home/imianosky/freedom-e-sdk/bsp/sifive-hifive1-revb/install/lib/debug//libmetal.a(libriscv__mmachine__sifive-hifive1-revb_a-sifive_fe310-g000_hfrosc.o)
                                       0x102b (size before relaxing)
 .debug_str     0x000000000000145c      0x151 /home/imianosky/freedom-e-sdk/bsp/sifive-hifive1-revb/install/lib/debug//libmetal.a(libriscv__mmachine__sifive-hifive1-revb_a-sifive_fe310-g000_hfxosc.o)
                                       0x102b (size before relaxing)
 .debug_str     0x00000000000015ad      0x390 /home/imianosky/freedom-e-sdk/bsp/sifive-hifive1-revb/install/lib/debug//libmetal.a(libriscv__mmachine__sifive-hifive1-revb_a-sifive_fe310-g000_pll.o)
                                       0x16d6 (size before relaxing)
 .debug_str     0x000000000000193d       0xad /home/imianosky/freedom-e-sdk/bsp/sifive-hifive1-revb/install/lib/debug//libmetal.a(libriscv__mmachine__sifive-hifive1-revb_a-sifive_fe310-g000_prci.o)
                                        0xf8c (size before relaxing)
 .debug_str     0x00000000000019ea       0xc5 /home/imianosky/freedom-e-sdk/bsp/sifive-hifive1-revb/install/lib/debug//libmetal.a(libriscv__mmachine__sifive-hifive1-revb_a-clock.o)
                                        0x2a0 (size before relaxing)
 .debug_str     0x0000000000001aaf       0x7f /home/imianosky/freedom-e-sdk/bsp/sifive-hifive1-revb/install/lib/debug//libmetal.a(libriscv__mmachine__sifive-hifive1-revb_a-shutdown.o)
                                        0xf21 (size before relaxing)
 .debug_str     0x0000000000001b2e       0xc3 /home/imianosky/freedom-e-sdk/bsp/sifive-hifive1-revb/install/lib/debug//libmetal.a(libriscv__mmachine__sifive-hifive1-revb_a-fixed-clock.o)
                                        0xf51 (size before relaxing)
 .debug_str     0x0000000000001bf1       0x49 /home/imianosky/freedom-e-sdk/bsp/sifive-hifive1-revb/install/lib/debug//libmetal-gloss.a(sys_exit.o)
                                         0xf6 (size before relaxing)

.comment        0x0000000000000000       0x28
 .comment       0x0000000000000000       0x28 /tmp/cch5rX50.o
                                         0x29 (size before relaxing)
 .comment       0x0000000000000028       0x29 /home/imianosky/freedom-e-sdk/bsp/sifive-hifive1-revb/install/lib/debug//libmetal-gloss.a(synchronize_harts.o)
 .comment       0x0000000000000028       0x29 /home/imianosky/RISCV-toolchain/riscv64-unknown-elf-gcc-8.2.0/bin/../lib/gcc/riscv64-unknown-elf/8.2.0/../../../../riscv64-unknown-elf/lib/rv32imac/ilp32/libc_nano.a(lib_a-atexit.o)
 .comment       0x0000000000000028       0x29 /home/imianosky/RISCV-toolchain/riscv64-unknown-elf-gcc-8.2.0/bin/../lib/gcc/riscv64-unknown-elf/8.2.0/../../../../riscv64-unknown-elf/lib/rv32imac/ilp32/libc_nano.a(lib_a-exit.o)
 .comment       0x0000000000000028       0x29 /home/imianosky/RISCV-toolchain/riscv64-unknown-elf-gcc-8.2.0/bin/../lib/gcc/riscv64-unknown-elf/8.2.0/../../../../riscv64-unknown-elf/lib/rv32imac/ilp32/libc_nano.a(lib_a-fini.o)
 .comment       0x0000000000000028       0x29 /home/imianosky/RISCV-toolchain/riscv64-unknown-elf-gcc-8.2.0/bin/../lib/gcc/riscv64-unknown-elf/8.2.0/../../../../riscv64-unknown-elf/lib/rv32imac/ilp32/libc_nano.a(lib_a-impure.o)
 .comment       0x0000000000000028       0x29 /home/imianosky/RISCV-toolchain/riscv64-unknown-elf-gcc-8.2.0/bin/../lib/gcc/riscv64-unknown-elf/8.2.0/../../../../riscv64-unknown-elf/lib/rv32imac/ilp32/libc_nano.a(lib_a-init.o)
 .comment       0x0000000000000028       0x29 /home/imianosky/RISCV-toolchain/riscv64-unknown-elf-gcc-8.2.0/bin/../lib/gcc/riscv64-unknown-elf/8.2.0/../../../../riscv64-unknown-elf/lib/rv32imac/ilp32/libc_nano.a(lib_a-__atexit.o)
 .comment       0x0000000000000028       0x29 /home/imianosky/RISCV-toolchain/riscv64-unknown-elf-gcc-8.2.0/bin/../lib/gcc/riscv64-unknown-elf/8.2.0/../../../../riscv64-unknown-elf/lib/rv32imac/ilp32/libc_nano.a(lib_a-__call_atexit.o)
 .comment       0x0000000000000028       0x29 /home/imianosky/freedom-e-sdk/bsp/sifive-hifive1-revb/install/lib/debug//libmetal.a(libriscv__mmachine__sifive-hifive1-revb_a-inline.o)
 .comment       0x0000000000000028       0x29 /home/imianosky/freedom-e-sdk/bsp/sifive-hifive1-revb/install/lib/debug//libmetal.a(libriscv__mmachine__sifive-hifive1-revb_a-sifive_fe310-g000_hfrosc.o)
 .comment       0x0000000000000028       0x29 /home/imianosky/freedom-e-sdk/bsp/sifive-hifive1-revb/install/lib/debug//libmetal.a(libriscv__mmachine__sifive-hifive1-revb_a-sifive_fe310-g000_hfxosc.o)
 .comment       0x0000000000000028       0x29 /home/imianosky/freedom-e-sdk/bsp/sifive-hifive1-revb/install/lib/debug//libmetal.a(libriscv__mmachine__sifive-hifive1-revb_a-sifive_fe310-g000_pll.o)
 .comment       0x0000000000000028       0x29 /home/imianosky/freedom-e-sdk/bsp/sifive-hifive1-revb/install/lib/debug//libmetal.a(libriscv__mmachine__sifive-hifive1-revb_a-sifive_fe310-g000_prci.o)
 .comment       0x0000000000000028       0x29 /home/imianosky/freedom-e-sdk/bsp/sifive-hifive1-revb/install/lib/debug//libmetal.a(libriscv__mmachine__sifive-hifive1-revb_a-clock.o)
 .comment       0x0000000000000028       0x29 /home/imianosky/freedom-e-sdk/bsp/sifive-hifive1-revb/install/lib/debug//libmetal.a(libriscv__mmachine__sifive-hifive1-revb_a-shutdown.o)
 .comment       0x0000000000000028       0x29 /home/imianosky/freedom-e-sdk/bsp/sifive-hifive1-revb/install/lib/debug//libmetal.a(libriscv__mmachine__sifive-hifive1-revb_a-fixed-clock.o)
 .comment       0x0000000000000028       0x29 /home/imianosky/freedom-e-sdk/bsp/sifive-hifive1-revb/install/lib/debug//libmetal-gloss.a(sys_exit.o)

.riscv.attributes
                0x0000000000000000       0x29
 .riscv.attributes
                0x0000000000000000       0x29 /tmp/cch5rX50.o
 .riscv.attributes
                0x0000000000000029       0x29 /tmp/ccG4gpvv.o
 .riscv.attributes
                0x0000000000000052       0x29 /tmp/ccRGJWVZ.o
 .riscv.attributes
                0x000000000000007b       0x29 /tmp/ccEfuynu.o
 .riscv.attributes
                0x00000000000000a4       0x29 /home/imianosky/freedom-e-sdk/bsp/sifive-hifive1-revb/install/lib/debug//libmetal.a(libriscv__mmachine__sifive-hifive1-revb_a-entry.o)
 .riscv.attributes
                0x00000000000000cd       0x29 /home/imianosky/freedom-e-sdk/bsp/sifive-hifive1-revb/install/lib/debug//libmetal-gloss.a(crt0.o)
 .riscv.attributes
                0x00000000000000f6       0x29 /home/imianosky/freedom-e-sdk/bsp/sifive-hifive1-revb/install/lib/debug//libmetal-gloss.a(synchronize_harts.o)
 .riscv.attributes
                0x000000000000011f       0x29 /home/imianosky/RISCV-toolchain/riscv64-unknown-elf-gcc-8.2.0/bin/../lib/gcc/riscv64-unknown-elf/8.2.0/../../../../riscv64-unknown-elf/lib/rv32imac/ilp32/libc_nano.a(lib_a-atexit.o)
 .riscv.attributes
                0x0000000000000148       0x29 /home/imianosky/RISCV-toolchain/riscv64-unknown-elf-gcc-8.2.0/bin/../lib/gcc/riscv64-unknown-elf/8.2.0/../../../../riscv64-unknown-elf/lib/rv32imac/ilp32/libc_nano.a(lib_a-exit.o)
 .riscv.attributes
                0x0000000000000171       0x29 /home/imianosky/RISCV-toolchain/riscv64-unknown-elf-gcc-8.2.0/bin/../lib/gcc/riscv64-unknown-elf/8.2.0/../../../../riscv64-unknown-elf/lib/rv32imac/ilp32/libc_nano.a(lib_a-fini.o)
 .riscv.attributes
                0x000000000000019a       0x29 /home/imianosky/RISCV-toolchain/riscv64-unknown-elf-gcc-8.2.0/bin/../lib/gcc/riscv64-unknown-elf/8.2.0/../../../../riscv64-unknown-elf/lib/rv32imac/ilp32/libc_nano.a(lib_a-impure.o)
 .riscv.attributes
                0x00000000000001c3       0x29 /home/imianosky/RISCV-toolchain/riscv64-unknown-elf-gcc-8.2.0/bin/../lib/gcc/riscv64-unknown-elf/8.2.0/../../../../riscv64-unknown-elf/lib/rv32imac/ilp32/libc_nano.a(lib_a-init.o)
 .riscv.attributes
                0x00000000000001ec       0x29 /home/imianosky/RISCV-toolchain/riscv64-unknown-elf-gcc-8.2.0/bin/../lib/gcc/riscv64-unknown-elf/8.2.0/../../../../riscv64-unknown-elf/lib/rv32imac/ilp32/libc_nano.a(lib_a-__atexit.o)
 .riscv.attributes
                0x0000000000000215       0x29 /home/imianosky/RISCV-toolchain/riscv64-unknown-elf-gcc-8.2.0/bin/../lib/gcc/riscv64-unknown-elf/8.2.0/../../../../riscv64-unknown-elf/lib/rv32imac/ilp32/libc_nano.a(lib_a-__call_atexit.o)
 .riscv.attributes
                0x000000000000023e       0x29 /home/imianosky/freedom-e-sdk/bsp/sifive-hifive1-revb/install/lib/debug//libmetal.a(libriscv__mmachine__sifive-hifive1-revb_a-inline.o)
 .riscv.attributes
                0x0000000000000267       0x29 /home/imianosky/freedom-e-sdk/bsp/sifive-hifive1-revb/install/lib/debug//libmetal.a(libriscv__mmachine__sifive-hifive1-revb_a-sifive_fe310-g000_hfrosc.o)
 .riscv.attributes
                0x0000000000000290       0x29 /home/imianosky/freedom-e-sdk/bsp/sifive-hifive1-revb/install/lib/debug//libmetal.a(libriscv__mmachine__sifive-hifive1-revb_a-sifive_fe310-g000_hfxosc.o)
 .riscv.attributes
                0x00000000000002b9       0x29 /home/imianosky/freedom-e-sdk/bsp/sifive-hifive1-revb/install/lib/debug//libmetal.a(libriscv__mmachine__sifive-hifive1-revb_a-sifive_fe310-g000_pll.o)
 .riscv.attributes
                0x00000000000002e2       0x29 /home/imianosky/freedom-e-sdk/bsp/sifive-hifive1-revb/install/lib/debug//libmetal.a(libriscv__mmachine__sifive-hifive1-revb_a-sifive_fe310-g000_prci.o)
 .riscv.attributes
                0x000000000000030b       0x29 /home/imianosky/freedom-e-sdk/bsp/sifive-hifive1-revb/install/lib/debug//libmetal.a(libriscv__mmachine__sifive-hifive1-revb_a-clock.o)
 .riscv.attributes
                0x0000000000000334       0x29 /home/imianosky/freedom-e-sdk/bsp/sifive-hifive1-revb/install/lib/debug//libmetal.a(libriscv__mmachine__sifive-hifive1-revb_a-shutdown.o)
 .riscv.attributes
                0x000000000000035d       0x29 /home/imianosky/freedom-e-sdk/bsp/sifive-hifive1-revb/install/lib/debug//libmetal.a(libriscv__mmachine__sifive-hifive1-revb_a-fixed-clock.o)
 .riscv.attributes
                0x0000000000000386       0x29 /home/imianosky/freedom-e-sdk/bsp/sifive-hifive1-revb/install/lib/debug//libmetal-gloss.a(sys_exit.o)

.debug_frame    0x0000000000000000      0x664
 .debug_frame   0x0000000000000000       0x34 /tmp/cch5rX50.o
 .debug_frame   0x0000000000000034       0x30 /home/imianosky/freedom-e-sdk/bsp/sifive-hifive1-revb/install/lib/debug//libmetal-gloss.a(synchronize_harts.o)
 .debug_frame   0x0000000000000064       0xd8 /home/imianosky/freedom-e-sdk/bsp/sifive-hifive1-revb/install/lib/debug//libmetal.a(libriscv__mmachine__sifive-hifive1-revb_a-sifive_fe310-g000_hfrosc.o)
 .debug_frame   0x000000000000013c       0xd8 /home/imianosky/freedom-e-sdk/bsp/sifive-hifive1-revb/install/lib/debug//libmetal.a(libriscv__mmachine__sifive-hifive1-revb_a-sifive_fe310-g000_hfxosc.o)
 .debug_frame   0x0000000000000214      0x254 /home/imianosky/freedom-e-sdk/bsp/sifive-hifive1-revb/install/lib/debug//libmetal.a(libriscv__mmachine__sifive-hifive1-revb_a-sifive_fe310-g000_pll.o)
 .debug_frame   0x0000000000000468       0x78 /home/imianosky/freedom-e-sdk/bsp/sifive-hifive1-revb/install/lib/debug//libmetal.a(libriscv__mmachine__sifive-hifive1-revb_a-sifive_fe310-g000_prci.o)
 .debug_frame   0x00000000000004e0       0x98 /home/imianosky/freedom-e-sdk/bsp/sifive-hifive1-revb/install/lib/debug//libmetal.a(libriscv__mmachine__sifive-hifive1-revb_a-clock.o)
 .debug_frame   0x0000000000000578       0x48 /home/imianosky/freedom-e-sdk/bsp/sifive-hifive1-revb/install/lib/debug//libmetal.a(libriscv__mmachine__sifive-hifive1-revb_a-shutdown.o)
 .debug_frame   0x00000000000005c0       0x78 /home/imianosky/freedom-e-sdk/bsp/sifive-hifive1-revb/install/lib/debug//libmetal.a(libriscv__mmachine__sifive-hifive1-revb_a-fixed-clock.o)
 .debug_frame   0x0000000000000638       0x2c /home/imianosky/freedom-e-sdk/bsp/sifive-hifive1-revb/install/lib/debug//libmetal-gloss.a(sys_exit.o)
